This is a sample template that contains a join substitution.
This line contains a join with ',' as the glue: val1,val2,val3
This line contains a join with ' ' as the glue: val1 val2 val3
